// Vitest Snapshot v1, https://vitest.dev/guide/snapshot.html

exports[`auth actions testing > test authTokenFlow  1`] = `
{
  "call": [
    {
      "@@redux-saga/IO": true,
      "CALL": {
        "args": [
          "xbiZdWS1EYS608suvHrL",
        ],
        "context": null,
        "fn": "@@redux-saga-test-plan/json/function/postFinalTokensOSMCha",
      },
    },
    {
      "@@redux-saga/IO": true,
      "CALL": {
        "args": [
          "token",
          "2d2289bd78985b2b46af29607ee50fa37cb1723a",
        ],
        "context": null,
        "fn": "@@redux-saga-test-plan/json/function/setItem",
      },
    },
  ],
  "put": [
    {
      "@@redux-saga/IO": true,
      "PUT": {
        "action": {
          "callback": undefined,
          "callbackArgs": undefined,
          "payload": {
            "autoDismiss": 1,
            "callbackLabel": undefined,
            "description": "Please, wait. We are logging you in.",
            "dismiss": true,
            "error": undefined,
            "kind": "warning",
            "position": "tr",
            "title": "Login in progress",
          },
          "type": "INIT_MODAL",
        },
        "channel": null,
      },
    },
    {
      "@@redux-saga/IO": true,
      "PUT": {
        "action": {
          "callback": undefined,
          "callbackArgs": undefined,
          "payload": {
            "autoDismiss": 2,
            "callbackLabel": undefined,
            "description": "You are now logged in!",
            "dismiss": true,
            "error": undefined,
            "kind": "success",
            "position": "tr",
            "title": "Successful authentication",
          },
          "type": "INIT_MODAL",
        },
        "channel": null,
      },
    },
    {
      "@@redux-saga/IO": true,
      "PUT": {
        "action": {
          "token": "2d2289bd78985b2b46af29607ee50fa37cb1723a",
          "type": "AUTH_SAVE_TOKEN",
        },
        "channel": null,
      },
    },
  ],
  "take": [
    {
      "@@redux-saga/IO": true,
      "TAKE": {
        "pattern": "AUTH_GET_FINAL_TOKEN",
      },
    },
  ],
}
`;
